// Auto-generated code. DO NOT EDIT!!!
// Generated by sts v0.0.1.

package sts

func A0012B001(src source.A001) dest.B001 {
	return dest.B001{}
}
func B0012A001(src dest.B001) source.A001 {
	return source.A001{}
}
