// Auto-generated code. DO NOT EDIT!!!
// Generated by sts v0.0.6.

package sts

func A0022Bar(src input.A002) input.Bar {
	return input.Bar{
		BI: src.I,
		BS: src.S,
		BF: src.F,
	}
}
func Bar2A002(src input.Bar) input.A002 {
	return input.A002{
		I: src.BI,
		S: src.BS,
		F: src.BF,
	}
}
