// Auto-generated code. DO NOT EDIT!!!
// Generated by sts v0.0.5.

package sts

func A0022Foo(src input.A002) input.Foo {
	return input.Foo{
		II:  src.I,
		Str: src.S,
		FF:  src.F,
	}
}
func Foo2A002(src input.Foo) input.A002 {
	return input.A002{
		I: src.II,
		S: src.Str,
		F: src.FF,
	}
}
