// Code generated by sts v0.0.2. DO NOT EDIT.

package sts

func A0022B002(src input.A002) input.B002 {
	return input.B002{
		I: src.I,
		F: src.F,
	}
}
func B0022A002(src input.B002) input.A002 {
	return input.A002{
		I: src.I,
		F: src.F,
	}
}
func A002Ptr2B002Ptr(src *input.A002) *input.B002 {
	if src == nil {
		return nil
	}
	m := A0022B002(*src)
	return &m
}
func B002Ptr2A002Ptr(src *input.B002) *input.A002 {
	if src == nil {
		return nil
	}
	m := B0022A002(*src)
	return &m
}
func A002List2B002List(src []input.A002) []input.B002 {
	if src == nil {
		return nil
	}
	res := make([]input.B002, len(src))
	for k, s := range src {
		p := A0022B002(s)
		res[k] = p
	}
	return res
}
func B002List2A002List(src []input.B002) []input.A002 {
	if src == nil {
		return nil
	}
	res := make([]input.A002, len(src))
	for k, s := range src {
		p := B0022A002(s)
		res[k] = p
	}
	return res
}
func A002List2B002PtrList(src []input.A002) []*input.B002 {
	if src == nil {
		return nil
	}
	res := make([]*input.B002, len(src))
	for k, s := range src {
		p := A0022B002(s)
		res[k] = &p
	}
	return res
}
func B002PtrList2A002List(src []*input.B002) []input.A002 {
	if src == nil {
		return nil
	}
	res := make([]input.A002, len(src))
	for k, s := range src {
		p := B0022A002(*s)
		res[k] = p
	}
	return res
}
func A002PtrList2B002List(src []*input.A002) []input.B002 {
	if src == nil {
		return nil
	}
	res := make([]input.B002, len(src))
	for k, s := range src {
		p := A0022B002(*s)
		res[k] = p
	}
	return res
}
func B002List2A002PtrList(src []input.B002) []*input.A002 {
	if src == nil {
		return nil
	}
	res := make([]*input.A002, len(src))
	for k, s := range src {
		p := B0022A002(s)
		res[k] = &p
	}
	return res
}
func A002PtrList2B002PtrList(src []*input.A002) []*input.B002 {
	if src == nil {
		return nil
	}
	res := make([]*input.B002, len(src))
	for k, s := range src {
		p := A0022B002(*s)
		res[k] = &p
	}
	return res
}
func B002PtrList2A002PtrList(src []*input.B002) []*input.A002 {
	if src == nil {
		return nil
	}
	res := make([]*input.A002, len(src))
	for k, s := range src {
		p := B0022A002(*s)
		res[k] = &p
	}
	return res
}
