// Code generated by sts v0.0.5. DO NOT EDIT.

package sts

func A0022Foo(src input.A002) input.Foo {
	return input.Foo{
		II:  src.I,
		Str: src.S,
		FF:  src.F,
	}
}
func Foo2A002(src input.Foo) input.A002 {
	return input.A002{
		I: src.II,
		S: src.Str,
		F: src.FF,
	}
}
func A002Ptr2FooPtr(src *input.A002) *input.Foo {
	if src == nil {
		return nil
	}
	m := A0022Foo(*src)
	return &m
}
func FooPtr2A002Ptr(src *input.Foo) *input.A002 {
	if src == nil {
		return nil
	}
	m := Foo2A002(*src)
	return &m
}
