// Auto-generated code. DO NOT EDIT!!!
// Generated by sts v0.0.2.

package sts

func A0022B002(src input.A002) input.B002 {
	return input.B002{
		I: src.I,
		S: src.S,
		F: src.F,
	}
}
func B0022A002(src input.B002) input.A002 {
	return input.A002{
		I: src.I,
		S: src.S,
		F: src.F,
	}
}
