// Code generated by sts v0.0.2. DO NOT EDIT.

package sts

func A0022B002(src input.A002) input.B002 {
	return input.B002{
		I: src.I,
		S: src.S,
		F: src.F,
	}
}
func B0022A002(src input.B002) input.A002 {
	return input.A002{
		I: src.I,
		S: src.S,
		F: src.F,
	}
}
func A002Ptr2B002Ptr(src *input.A002) *input.B002 {
	if src == nil {
		return nil
	}
	m := A0022B002(*src)
	return &m
}
func B002Ptr2A002Ptr(src *input.B002) *input.A002 {
	if src == nil {
		return nil
	}
	m := B0022A002(*src)
	return &m
}
